*----------------------------------------------------------------------------------------
*	First Encounter 08.10-p004_1 (32bit) 11/04/2008 14:34 (Linux 2.6)
*	
*
* 	Date & Time:	2025-Sep-22 15:13:20 (2025-Sep-22 12:13:20 GMT)
*
*----------------------------------------------------------------------------------------
*
*	Design: ALU_TOP
*
*	Liberty Libraries used: 
*	        ../std_cells/libs/scmetro_tsmc_cl013g_rvt_ss_1p08v_125c.lib
*
*	Power Domain used: 
*		Rail:        VDD 	Voltage:       1.08 
*
*       User-Defined Activity : N.A.
*
*       Activity File: N.A.
*
*       Hierarchical Global Activity: N.A.
*
*       Global Activity: N.A.
*
*       Sequential Element Activity: N.A.
*
*       Clock Gates Enable Activity: N.A.
*
*       Primary Input Activity: 0.200000
*
*	Power Units = 1mW
*
*	Time Units = 1e-09 secs 
*
*       report_power -outfile report/power.rpt
*
-----------------------------------------------------------------------------------------


Total Power 
-----------------------------------------------------------------------------------------
Total Internal Power:     0.02993      1.706%
Total Switching Power:      1.716      97.79%
Total Leakage Power:      0.00881      0.502%
Total Power:                1.755 
-----------------------------------------------------------------------------------------


Group                           Internal   Switching     Leakage       Total  Percentage 
                                Power      Power         Power         Power  (%)        
-----------------------------------------------------------------------------------------
Sequential                      0.001991   0.0001351   0.0005723    0.002699      0.1538 
Macro                                  0           0           0           0           0 
IO                                     0           0           0           0           0 
Combinational                    0.02794       1.716    0.008238       1.752       99.85 
-----------------------------------------------------------------------------------------
Total                            0.02993       1.716     0.00881       1.755         100 
-----------------------------------------------------------------------------------------


Rail                  Voltage   Internal   Switching     Leakage       Total  Percentage 
                                Power      Power         Power         Power  (%)        
-----------------------------------------------------------------------------------------
VDD                      1.08    0.02993       1.716     0.00881       1.755         100 


-----------------------------------------------------------------------------------------
*	Power Distribution Summary: 
* 		Highest Average Power:   FE_OFCC160_Logic_OUT_2_ (CLKBUFX40M): 	   0.04428 
* 		Highest Leakage Power:   FE_OFCC160_Logic_OUT_2_ (CLKBUFX40M): 	 4.677e-05 
* 		Total Cap: 	3.0099e-09 F
* 		Total instances in design:   764
* 		Total instances in design with no power:     2
*          Total instances in design with no activty:     2
* 		Total Fillers and Decap:     0
-----------------------------------------------------------------------------------------

