 
****************************************
Report : timing
        -path full
        -delay min
        -max_paths 1
Design : SYS_TOP
Version: K-2015.06
Date   : Wed Oct  1 23:57:30 2025
****************************************

Operating Conditions: scmetro_tsmc_cl013g_rvt_ff_1p32v_m40c   Library: scmetro_tsmc_cl013g_rvt_ff_1p32v_m40c
Wire Load Model Mode: top

  Startpoint: alu/ALU_OUT_reg[2]
              (rising edge-triggered flip-flop clocked by ALU_CLK)
  Endpoint: alu/ALU_OUT_reg[3]
            (rising edge-triggered flip-flop clocked by ALU_CLK)
  Path Group: ALU_CLK
  Path Type: min

  Point                                    Incr       Path
  -----------------------------------------------------------
  clock ALU_CLK (rise edge)                0.00       0.00
  clock network delay (ideal)              0.00       0.00
  alu/ALU_OUT_reg[2]/CK (SDFFRQX2M)        0.00       0.00 r
  alu/ALU_OUT_reg[2]/Q (SDFFRQX2M)         0.36       0.36 r
  alu/ALU_OUT_reg[3]/SI (SDFFRQX2M)        0.00       0.36 r
  data arrival time                                   0.36

  clock ALU_CLK (rise edge)                0.00       0.00
  clock network delay (ideal)              0.00       0.00
  clock uncertainty                        0.10       0.10
  alu/ALU_OUT_reg[3]/CK (SDFFRQX2M)        0.00       0.10 r
  library hold time                       -0.18      -0.08
  data required time                                 -0.08
  -----------------------------------------------------------
  data required time                                 -0.08
  data arrival time                                  -0.36
  -----------------------------------------------------------
  slack (MET)                                         0.44


  Startpoint: data_sync/en/SYNC_REG_reg[1]
              (rising edge-triggered flip-flop clocked by REF_CLK)
  Endpoint: data_sync/en/SYNC_REG_reg[0]
            (rising edge-triggered flip-flop clocked by REF_CLK)
  Path Group: REF_CLK
  Path Type: min

  Point                                                   Incr       Path
  --------------------------------------------------------------------------
  clock REF_CLK (rise edge)                               0.00       0.00
  clock network delay (ideal)                             0.00       0.00
  data_sync/en/SYNC_REG_reg[1]/CK (SDFFRQX2M)             0.00       0.00 r
  data_sync/en/SYNC_REG_reg[1]/Q (SDFFRQX2M)              0.35       0.35 r
  data_sync/en/SYNC_REG_reg[0]/D (SDFFRQX2M)              0.00       0.35 r
  data arrival time                                                  0.35

  clock REF_CLK (rise edge)                               0.00       0.00
  clock network delay (ideal)                             0.00       0.00
  clock uncertainty                                       0.10       0.10
  data_sync/en/SYNC_REG_reg[0]/CK (SDFFRQX2M)             0.00       0.10 r
  library hold time                                      -0.16      -0.06
  data required time                                                -0.06
  --------------------------------------------------------------------------
  data required time                                                -0.06
  data arrival time                                                 -0.35
  --------------------------------------------------------------------------
  slack (MET)                                                        0.42


  Startpoint: uart/rx/par_chk/par_err_reg
              (rising edge-triggered flip-flop clocked by RX_CLK)
  Endpoint: uart/rx/stp_chk/stp_err_reg
            (rising edge-triggered flip-flop clocked by RX_CLK)
  Path Group: RX_CLK
  Path Type: min

  Point                                                   Incr       Path
  --------------------------------------------------------------------------
  clock RX_CLK (rise edge)                                0.00       0.00
  clock network delay (ideal)                             0.00       0.00
  uart/rx/par_chk/par_err_reg/CK (SDFFRQX2M)              0.00       0.00 r
  uart/rx/par_chk/par_err_reg/Q (SDFFRQX2M)               0.35       0.35 r
  uart/rx/par_chk/par_err (PARITY_CHECK_test_1)           0.00       0.35 r
  uart/rx/stp_chk/test_si (STOP_CHECK_test_1)             0.00       0.35 r
  uart/rx/stp_chk/stp_err_reg/SI (SDFFRQX2M)              0.00       0.35 r
  data arrival time                                                  0.35

  clock RX_CLK (rise edge)                                0.00       0.00
  clock network delay (ideal)                             0.00       0.00
  clock uncertainty                                       0.10       0.10
  uart/rx/stp_chk/stp_err_reg/CK (SDFFRQX2M)              0.00       0.10 r
  library hold time                                      -0.18      -0.08
  data required time                                                -0.08
  --------------------------------------------------------------------------
  data required time                                                -0.08
  data arrival time                                                 -0.35
  --------------------------------------------------------------------------
  slack (MET)                                                        0.43


  Startpoint: fifo/sync_write/SYNC_REG_reg[0][1]
              (rising edge-triggered flip-flop clocked by TX_CLK)
  Endpoint: fifo/sync_write/SYNC_REG_reg[0][0]
            (rising edge-triggered flip-flop clocked by TX_CLK)
  Path Group: TX_CLK
  Path Type: min

  Point                                                   Incr       Path
  --------------------------------------------------------------------------
  clock TX_CLK (rise edge)                                0.00       0.00
  clock network delay (ideal)                             0.00       0.00
  fifo/sync_write/SYNC_REG_reg[0][1]/CK (SDFFRQX2M)       0.00       0.00 r
  fifo/sync_write/SYNC_REG_reg[0][1]/Q (SDFFRQX2M)        0.34       0.34 r
  fifo/sync_write/SYNC_REG_reg[0][0]/D (SDFFRQX1M)        0.00       0.34 r
  data arrival time                                                  0.34

  clock TX_CLK (rise edge)                                0.00       0.00
  clock network delay (ideal)                             0.00       0.00
  clock uncertainty                                       0.10       0.10
  fifo/sync_write/SYNC_REG_reg[0][0]/CK (SDFFRQX1M)       0.00       0.10 r
  library hold time                                      -0.18      -0.08
  data required time                                                -0.08
  --------------------------------------------------------------------------
  data required time                                                -0.08
  data arrival time                                                 -0.34
  --------------------------------------------------------------------------
  slack (MET)                                                        0.42


  Startpoint: rst_sync_d2/SYNC_REG_reg[1]
              (rising edge-triggered flip-flop clocked by UART_CLK)
  Endpoint: rst_sync_d2/SYNC_REG_reg[0]
            (rising edge-triggered flip-flop clocked by UART_CLK)
  Path Group: UART_CLK
  Path Type: min

  Point                                                   Incr       Path
  --------------------------------------------------------------------------
  clock UART_CLK (rise edge)                              0.00       0.00
  clock network delay (ideal)                             0.00       0.00
  rst_sync_d2/SYNC_REG_reg[1]/CK (SDFFRQX2M)              0.00       0.00 r
  rst_sync_d2/SYNC_REG_reg[1]/Q (SDFFRQX2M)               0.35       0.35 r
  rst_sync_d2/SYNC_REG_reg[0]/D (SDFFRQX1M)               0.00       0.35 r
  data arrival time                                                  0.35

  clock UART_CLK (rise edge)                              0.00       0.00
  clock network delay (ideal)                             0.00       0.00
  clock uncertainty                                       0.10       0.10
  rst_sync_d2/SYNC_REG_reg[0]/CK (SDFFRQX1M)              0.00       0.10 r
  library hold time                                      -0.18      -0.08
  data required time                                                -0.08
  --------------------------------------------------------------------------
  data required time                                                -0.08
  data arrival time                                                 -0.35
  --------------------------------------------------------------------------
  slack (MET)                                                        0.43


1
