 
****************************************
Report : timing
        -path full
        -delay max
        -max_paths 1
Design : SYS_TOP
Version: K-2015.06
Date   : Wed Oct  1 23:57:30 2025
****************************************

Operating Conditions: scmetro_tsmc_cl013g_rvt_ss_1p08v_125c   Library: scmetro_tsmc_cl013g_rvt_ss_1p08v_125c
Wire Load Model Mode: top

  Startpoint: reg_file/Reg_File_reg[1][6]
              (rising edge-triggered flip-flop clocked by REF_CLK)
  Endpoint: alu/ALU_OUT_reg[0]
            (rising edge-triggered flip-flop clocked by ALU_CLK)
  Path Group: ALU_CLK
  Path Type: max

  Point                                                   Incr       Path
  --------------------------------------------------------------------------
  clock REF_CLK (rise edge)                               0.00       0.00
  clock network delay (ideal)                             0.00       0.00
  reg_file/Reg_File_reg[1][6]/CK (SDFFRQX2M)              0.00       0.00 r
  reg_file/Reg_File_reg[1][6]/Q (SDFFRQX2M)               0.45       0.45 f
  reg_file/REG1[6] (Register_file_ADDR4_DATA_WIDTH8_WIDTH8_DEPTH16_test_1)
                                                          0.00       0.45 f
  alu/B[6] (ALU_WIDTH8_FUNC4_test_1)                      0.00       0.45 f
  alu/U82/Y (BUFX2M)                                      0.22       0.67 f
  alu/div_24/b[6] (ALU_WIDTH8_FUNC4_DW_div_uns_0)         0.00       0.67 f
  alu/div_24/U71/Y (NOR2X1M)                              0.16       0.83 r
  alu/div_24/U68/Y (AND3X1M)                              0.20       1.03 r
  alu/div_24/U66/Y (AND2X1M)                              0.16       1.19 r
  alu/div_24/U63/Y (AND4X1M)                              0.25       1.44 r
  alu/div_24/U41/Y (CLKMX2X2M)                            0.24       1.68 f
  alu/div_24/u_div/u_fa_PartRem_0_6_1/CO (ADDFX2M)        0.44       2.12 f
  alu/div_24/U64/Y (AND3X1M)                              0.32       2.44 f
  alu/div_24/U47/Y (CLKMX2X2M)                            0.24       2.68 r
  alu/div_24/u_div/u_fa_PartRem_0_5_1/CO (ADDFX2M)        0.49       3.17 r
  alu/div_24/u_div/u_fa_PartRem_0_5_2/CO (ADDFX2M)        0.24       3.40 r
  alu/div_24/U65/Y (AND2X1M)                              0.25       3.66 r
  alu/div_24/U52/Y (CLKMX2X2M)                            0.27       3.92 f
  alu/div_24/u_div/u_fa_PartRem_0_4_1/CO (ADDFX2M)        0.46       4.38 f
  alu/div_24/u_div/u_fa_PartRem_0_4_2/CO (ADDFX2M)        0.33       4.71 f
  alu/div_24/u_div/u_fa_PartRem_0_4_3/CO (ADDFX2M)        0.31       5.02 f
  alu/div_24/U67/Y (AND2X1M)                              0.28       5.30 f
  alu/div_24/U56/Y (CLKMX2X2M)                            0.24       5.54 f
  alu/div_24/u_div/u_fa_PartRem_0_3_1/CO (ADDFX2M)        0.46       5.99 f
  alu/div_24/u_div/u_fa_PartRem_0_3_2/CO (ADDFX2M)        0.33       6.32 f
  alu/div_24/u_div/u_fa_PartRem_0_3_3/CO (ADDFX2M)        0.33       6.65 f
  alu/div_24/u_div/u_fa_PartRem_0_3_4/CO (ADDFX2M)        0.31       6.96 f
  alu/div_24/U69/Y (AND3X1M)                              0.40       7.35 f
  alu/div_24/U59/Y (CLKMX2X2M)                            0.25       7.60 f
  alu/div_24/u_div/u_fa_PartRem_0_2_1/CO (ADDFX2M)        0.46       8.06 f
  alu/div_24/u_div/u_fa_PartRem_0_2_2/CO (ADDFX2M)        0.33       8.39 f
  alu/div_24/u_div/u_fa_PartRem_0_2_3/CO (ADDFX2M)        0.33       8.71 f
  alu/div_24/u_div/u_fa_PartRem_0_2_4/CO (ADDFX2M)        0.33       9.04 f
  alu/div_24/u_div/u_fa_PartRem_0_2_5/CO (ADDFX2M)        0.31       9.35 f
  alu/div_24/U70/Y (AND2X1M)                              0.33       9.68 f
  alu/div_24/U61/Y (CLKMX2X2M)                            0.25       9.93 f
  alu/div_24/u_div/u_fa_PartRem_0_1_1/CO (ADDFX2M)        0.46      10.39 f
  alu/div_24/u_div/u_fa_PartRem_0_1_2/CO (ADDFX2M)        0.33      10.71 f
  alu/div_24/u_div/u_fa_PartRem_0_1_3/CO (ADDFX2M)        0.33      11.04 f
  alu/div_24/u_div/u_fa_PartRem_0_1_4/CO (ADDFX2M)        0.33      11.37 f
  alu/div_24/u_div/u_fa_PartRem_0_1_5/CO (ADDFX2M)        0.33      11.70 f
  alu/div_24/u_div/u_fa_PartRem_0_1_6/CO (ADDFX2M)        0.31      12.01 f
  alu/div_24/U72/Y (AND2X1M)                              0.34      12.35 f
  alu/div_24/U62/Y (CLKMX2X2M)                            0.24      12.59 f
  alu/div_24/u_div/u_fa_PartRem_0_0_1/CO (ADDFX2M)        0.45      13.04 f
  alu/div_24/u_div/u_fa_PartRem_0_0_2/CO (ADDFX2M)        0.33      13.37 f
  alu/div_24/u_div/u_fa_PartRem_0_0_3/CO (ADDFX2M)        0.33      13.70 f
  alu/div_24/u_div/u_fa_PartRem_0_0_4/CO (ADDFX2M)        0.33      14.02 f
  alu/div_24/u_div/u_fa_PartRem_0_0_5/CO (ADDFX2M)        0.33      14.35 f
  alu/div_24/u_div/u_fa_PartRem_0_0_6/CO (ADDFX2M)        0.33      14.68 f
  alu/div_24/u_div/u_fa_PartRem_0_0_7/CO (ADDFX2M)        0.31      15.00 f
  alu/div_24/quotient[0] (ALU_WIDTH8_FUNC4_DW_div_uns_0)
                                                          0.00      15.00 f
  alu/U39/Y (AOI222X1M)                                   0.34      15.33 r
  alu/U78/Y (NAND4BX1M)                                   0.17      15.51 f
  alu/U77/Y (AO22X1M)                                     0.42      15.93 f
  alu/ALU_OUT_reg[0]/D (SDFFRQX2M)                        0.00      15.93 f
  data arrival time                                                 15.93

  clock ALU_CLK (rise edge)                              20.00      20.00
  clock network delay (ideal)                             0.00      20.00
  clock uncertainty                                      -0.20      19.80
  alu/ALU_OUT_reg[0]/CK (SDFFRQX2M)                       0.00      19.80 r
  library setup time                                     -0.41      19.39
  data required time                                                19.39
  --------------------------------------------------------------------------
  data required time                                                19.39
  data arrival time                                                -15.93
  --------------------------------------------------------------------------
  slack (MET)                                                        3.46


  Startpoint: control_unit/cs_reg[3]
              (rising edge-triggered flip-flop clocked by REF_CLK)
  Endpoint: reg_file/RdData_reg[0]
            (rising edge-triggered flip-flop clocked by REF_CLK)
  Path Group: REF_CLK
  Path Type: max

  Point                                                   Incr       Path
  --------------------------------------------------------------------------
  clock REF_CLK (rise edge)                               0.00       0.00
  clock network delay (ideal)                             0.00       0.00
  control_unit/cs_reg[3]/CK (SDFFRQX2M)                   0.00       0.00 r
  control_unit/cs_reg[3]/Q (SDFFRQX2M)                    0.48       0.48 f
  control_unit/U34/Y (NOR2X2M)                            0.23       0.72 r
  control_unit/U14/Y (NAND3X2M)                           0.22       0.94 f
  control_unit/U9/Y (NAND2X2M)                            0.14       1.08 r
  control_unit/U41/Y (AOI2BB2XLM)                         0.13       1.21 f
  control_unit/U40/Y (OAI21X2M)                           0.09       1.29 r
  control_unit/RF_Address[0] (SYS_CTRL_test_1)            0.00       1.29 r
  U3/Y (BUFX2M)                                           0.38       1.68 r
  reg_file/Address[0] (Register_file_ADDR4_DATA_WIDTH8_WIDTH8_DEPTH16_test_1)
                                                          0.00       1.68 r
  reg_file/U183/Y (INVX2M)                                0.12       1.80 f
  reg_file/U148/Y (BUFX2M)                                0.17       1.97 f
  reg_file/U147/Y (INVX2M)                                0.77       2.74 r
  reg_file/U234/Y (MX4X1M)                                0.49       3.23 f
  reg_file/U198/Y (MX4X1M)                                0.34       3.57 f
  reg_file/U197/Y (AO22X1M)                               0.32       3.89 f
  reg_file/RdData_reg[0]/D (SDFFRQX2M)                    0.00       3.89 f
  data arrival time                                                  3.89

  clock REF_CLK (rise edge)                              20.00      20.00
  clock network delay (ideal)                             0.00      20.00
  clock uncertainty                                      -0.20      19.80
  reg_file/RdData_reg[0]/CK (SDFFRQX2M)                   0.00      19.80 r
  library setup time                                     -0.41      19.39
  data required time                                                19.39
  --------------------------------------------------------------------------
  data required time                                                19.39
  data arrival time                                                 -3.89
  --------------------------------------------------------------------------
  slack (MET)                                                       15.51


  Startpoint: UART_RX_IN (input port clocked by UART_CLK)
  Endpoint: uart/rx/edge_bit/bit_cnt_reg[3]
            (rising edge-triggered flip-flop clocked by RX_CLK)
  Path Group: RX_CLK
  Path Type: max

  Point                                                   Incr       Path
  --------------------------------------------------------------------------
  clock UART_CLK (rise edge)                              0.00       0.00
  clock network delay (ideal)                             0.00       0.00
  input external delay                                   54.25      54.25 f
  UART_RX_IN (in)                                         0.01      54.26 f
  U5/Y (BUFX2M)                                           0.16      54.42 f
  uart/RX_IN (UART_SYS_TOP_DATA_WIDTH8_test_1)            0.00      54.42 f
  uart/rx/RX_IN (UART_RX_TOP_DATA_WIDTH8_test_1)          0.00      54.42 f
  uart/rx/fsm_2/RX_IN (FSM_test_1)                        0.00      54.42 f
  uart/rx/fsm_2/U17/Y (NOR4BX1M)                          0.31      54.74 r
  uart/rx/fsm_2/U19/Y (INVX2M)                            0.08      54.82 f
  uart/rx/fsm_2/U37/Y (OAI211X2M)                         0.11      54.93 r
  uart/rx/fsm_2/enable_bit (FSM_test_1)                   0.00      54.93 r
  uart/rx/edge_bit/enable_bit (EDGE_BIT_COUNTER_test_1)
                                                          0.00      54.93 r
  uart/rx/edge_bit/U62/Y (CLKINVX1M)                      0.14      55.06 f
  uart/rx/edge_bit/U48/Y (NOR4X1M)                        0.27      55.33 r
  uart/rx/edge_bit/U47/Y (MXI2X1M)                        0.19      55.52 f
  uart/rx/edge_bit/U36/Y (OA21X1M)                        0.42      55.94 f
  uart/rx/edge_bit/U34/Y (OAI21X1M)                       0.09      56.04 r
  uart/rx/edge_bit/U32/Y (AOI21X1M)                       0.08      56.11 f
  uart/rx/edge_bit/U30/Y (MXI2X1M)                        0.11      56.22 r
  uart/rx/edge_bit/bit_cnt_reg[3]/D (SDFFRX1M)            0.00      56.22 r
  data arrival time                                                 56.22

  clock RX_CLK (rise edge)                              271.27     271.27
  clock network delay (ideal)                             0.00     271.27
  clock uncertainty                                      -0.20     271.07
  uart/rx/edge_bit/bit_cnt_reg[3]/CK (SDFFRX1M)           0.00     271.07 r
  library setup time                                     -0.30     270.77
  data required time                                               270.77
  --------------------------------------------------------------------------
  data required time                                               270.77
  data arrival time                                                -56.22
  --------------------------------------------------------------------------
  slack (MET)                                                      214.55


  Startpoint: uart/rx/str_chk/strt_glitch_reg
              (rising edge-triggered flip-flop clocked by RX_CLK)
  Endpoint: uart/tx/fsm_1/cs_reg[0]
            (rising edge-triggered flip-flop clocked by TX_CLK)
  Path Group: TX_CLK
  Path Type: max

  Point                                                   Incr       Path
  --------------------------------------------------------------------------
  clock RX_CLK (rise edge)                             8409.29    8409.29
  clock network delay (ideal)                             0.00    8409.29
  uart/rx/str_chk/strt_glitch_reg/CK (SDFFRQX1M)          0.00    8409.29 r
  uart/rx/str_chk/strt_glitch_reg/Q (SDFFRQX1M)           0.43    8409.72 f
  uart/rx/str_chk/strt_glitch (STR_CHECK_test_1)          0.00    8409.72 f
  uart/rx/test_so (UART_RX_TOP_DATA_WIDTH8_test_1)        0.00    8409.72 f
  uart/tx/test_si (UART_TX_TOP_DATA_WIDTH8_test_1)        0.00    8409.72 f
  uart/tx/fsm_1/test_si (FSM_TX_test_1)                   0.00    8409.72 f
  uart/tx/fsm_1/cs_reg[0]/SI (SDFFRQX1M)                  0.00    8409.72 f
  data arrival time                                               8409.72

  clock TX_CLK (rise edge)                             8680.56    8680.56
  clock network delay (ideal)                             0.00    8680.56
  clock uncertainty                                      -0.20    8680.36
  uart/tx/fsm_1/cs_reg[0]/CK (SDFFRQX1M)                  0.00    8680.36 r
  library setup time                                     -0.52    8679.84
  data required time                                              8679.84
  --------------------------------------------------------------------------
  data required time                                              8679.84
  data arrival time                                              -8409.72
  --------------------------------------------------------------------------
  slack (MET)                                                      270.12


  Startpoint: clk_div_1/counter_reg[1]
              (rising edge-triggered flip-flop clocked by UART_CLK)
  Endpoint: clk_div_1/counter_reg[0]
            (rising edge-triggered flip-flop clocked by UART_CLK)
  Path Group: UART_CLK
  Path Type: max

  Point                                                   Incr       Path
  --------------------------------------------------------------------------
  clock UART_CLK (rise edge)                              0.00       0.00
  clock network delay (ideal)                             0.00       0.00
  clk_div_1/counter_reg[1]/CK (SDFFRQX2M)                 0.00       0.00 r
  clk_div_1/counter_reg[1]/Q (SDFFRQX2M)                  0.43       0.43 r
  clk_div_1/U40/Y (INVX2M)                                0.06       0.49 f
  clk_div_1/U100/Y (AOI2BB1X1M)                           0.25       0.74 f
  clk_div_1/U101/Y (AOI222X1M)                            0.32       1.06 r
  clk_div_1/U102/Y (AOI221XLM)                            0.12       1.18 f
  clk_div_1/U103/Y (AOI221XLM)                            0.29       1.46 r
  clk_div_1/U104/Y (AOI221XLM)                            0.12       1.58 f
  clk_div_1/U105/Y (AOI221XLM)                            0.31       1.89 r
  clk_div_1/U106/Y (OAI22X1M)                             0.17       2.05 f
  clk_div_1/U107/Y (AOI21X1M)                             0.17       2.23 r
  clk_div_1/U37/Y (OR3X2M)                                0.27       2.50 r
  clk_div_1/U39/Y (NOR2BX2M)                              0.07       2.56 f
  clk_div_1/counter_reg[0]/D (SDFFRQX2M)                  0.00       2.56 f
  data arrival time                                                  2.56

  clock UART_CLK (rise edge)                            271.27     271.27
  clock network delay (ideal)                             0.00     271.27
  clock uncertainty                                      -0.20     271.07
  clk_div_1/counter_reg[0]/CK (SDFFRQX2M)                 0.00     271.07 r
  library setup time                                     -0.40     270.67
  data required time                                               270.67
  --------------------------------------------------------------------------
  data required time                                               270.67
  data arrival time                                                 -2.56
  --------------------------------------------------------------------------
  slack (MET)                                                      268.10


1
