 
****************************************
Report : timing
        -path full
        -delay min
        -max_paths 100
Design : UART_TX_TOP
Version: K-2015.06
Date   : Sun Sep  7 14:45:16 2025
****************************************

Operating Conditions: scmetro_tsmc_cl013g_rvt_ff_1p32v_m40c   Library: scmetro_tsmc_cl013g_rvt_ff_1p32v_m40c
Wire Load Model Mode: top

  Startpoint: ser/counter_reg[2]
              (rising edge-triggered flip-flop clocked by CLK)
  Endpoint: ser/counter_reg[3]
            (rising edge-triggered flip-flop clocked by CLK)
  Path Group: CLK
  Path Type: min

  Des/Clust/Port     Wire Load Model       Library
  ------------------------------------------------
  UART_TX_TOP        tsmc13_wl30           scmetro_tsmc_cl013g_rvt_ss_1p08v_125c

  Point                                    Incr       Path
  -----------------------------------------------------------
  clock CLK (rise edge)                    0.00       0.00
  clock network delay (ideal)              0.00       0.00
  ser/counter_reg[2]/CK (DFFRX2M)          0.00       0.00 r
  ser/counter_reg[2]/QN (DFFRX2M)          0.69       0.69 r
  ser/U23/Y (OAI32X2M)                     0.29       0.99 f
  ser/counter_reg[3]/D (DFFRX1M)           0.00       0.99 f
  data arrival time                                   0.99

  clock CLK (rise edge)                    0.00       0.00
  clock network delay (ideal)              0.00       0.00
  clock uncertainty                        0.05       0.05
  ser/counter_reg[3]/CK (DFFRX1M)          0.00       0.05 r
  library hold time                       -0.03       0.02
  data required time                                  0.02
  -----------------------------------------------------------
  data required time                                  0.02
  data arrival time                                  -0.99
  -----------------------------------------------------------
  slack (MET)                                         0.97


  Startpoint: ser/counter_reg[2]
              (rising edge-triggered flip-flop clocked by CLK)
  Endpoint: ser/counter_reg[2]
            (rising edge-triggered flip-flop clocked by CLK)
  Path Group: CLK
  Path Type: min

  Des/Clust/Port     Wire Load Model       Library
  ------------------------------------------------
  UART_TX_TOP        tsmc13_wl30           scmetro_tsmc_cl013g_rvt_ss_1p08v_125c

  Point                                    Incr       Path
  -----------------------------------------------------------
  clock CLK (rise edge)                    0.00       0.00
  clock network delay (ideal)              0.00       0.00
  ser/counter_reg[2]/CK (DFFRX2M)          0.00       0.00 r
  ser/counter_reg[2]/QN (DFFRX2M)          0.69       0.69 r
  ser/U21/Y (OAI22X1M)                     0.41       1.11 f
  ser/counter_reg[2]/D (DFFRX2M)           0.00       1.11 f
  data arrival time                                   1.11

  clock CLK (rise edge)                    0.00       0.00
  clock network delay (ideal)              0.00       0.00
  clock uncertainty                        0.05       0.05
  ser/counter_reg[2]/CK (DFFRX2M)          0.00       0.05 r
  library hold time                       -0.07      -0.02
  data required time                                 -0.02
  -----------------------------------------------------------
  data required time                                 -0.02
  data arrival time                                  -1.11
  -----------------------------------------------------------
  slack (MET)                                         1.12


  Startpoint: fsm/cs_reg[1]
              (rising edge-triggered flip-flop clocked by CLK)
  Endpoint: fsm/cs_reg[0]
            (rising edge-triggered flip-flop clocked by CLK)
  Path Group: CLK
  Path Type: min

  Des/Clust/Port     Wire Load Model       Library
  ------------------------------------------------
  UART_TX_TOP        tsmc13_wl30           scmetro_tsmc_cl013g_rvt_ss_1p08v_125c

  Point                                    Incr       Path
  -----------------------------------------------------------
  clock CLK (rise edge)                    0.00       0.00
  clock network delay (ideal)              0.00       0.00
  fsm/cs_reg[1]/CK (DFFRX2M)               0.00       0.00 r
  fsm/cs_reg[1]/Q (DFFRX2M)                0.83       0.83 r
  fsm/U12/Y (OAI32X2M)                     0.31       1.14 f
  fsm/cs_reg[0]/D (DFFRX2M)                0.00       1.14 f
  data arrival time                                   1.14

  clock CLK (rise edge)                    0.00       0.00
  clock network delay (ideal)              0.00       0.00
  clock uncertainty                        0.05       0.05
  fsm/cs_reg[0]/CK (DFFRX2M)               0.00       0.05 r
  library hold time                       -0.03       0.02
  data required time                                  0.02
  -----------------------------------------------------------
  data required time                                  0.02
  data arrival time                                  -1.14
  -----------------------------------------------------------
  slack (MET)                                         1.13


  Startpoint: ser/serial_data_reg[0]
              (rising edge-triggered flip-flop clocked by CLK)
  Endpoint: ser/ser_data_reg
            (rising edge-triggered flip-flop clocked by CLK)
  Path Group: CLK
  Path Type: min

  Des/Clust/Port     Wire Load Model       Library
  ------------------------------------------------
  UART_TX_TOP        tsmc13_wl30           scmetro_tsmc_cl013g_rvt_ss_1p08v_125c

  Point                                                   Incr       Path
  --------------------------------------------------------------------------
  clock CLK (rise edge)                                   0.00       0.00
  clock network delay (ideal)                             0.00       0.00
  ser/serial_data_reg[0]/CK (DFFRQX1M)                    0.00       0.00 r
  ser/serial_data_reg[0]/Q (DFFRQX1M)                     0.68       0.68 f
  ser/U11/Y (AO22X1M)                                     0.49       1.17 f
  ser/ser_data_reg/D (DFFRQX1M)                           0.00       1.17 f
  data arrival time                                                  1.17

  clock CLK (rise edge)                                   0.00       0.00
  clock network delay (ideal)                             0.00       0.00
  clock uncertainty                                       0.05       0.05
  ser/ser_data_reg/CK (DFFRQX1M)                          0.00       0.05 r
  library hold time                                      -0.04       0.01
  data required time                                                 0.01
  --------------------------------------------------------------------------
  data required time                                                 0.01
  data arrival time                                                 -1.17
  --------------------------------------------------------------------------
  slack (MET)                                                        1.16


  Startpoint: fsm/cs_reg[2]
              (rising edge-triggered flip-flop clocked by CLK)
  Endpoint: fsm/cs_reg[2]
            (rising edge-triggered flip-flop clocked by CLK)
  Path Group: CLK
  Path Type: min

  Des/Clust/Port     Wire Load Model       Library
  ------------------------------------------------
  UART_TX_TOP        tsmc13_wl30           scmetro_tsmc_cl013g_rvt_ss_1p08v_125c

  Point                                    Incr       Path
  -----------------------------------------------------------
  clock CLK (rise edge)                    0.00       0.00
  clock network delay (ideal)              0.00       0.00
  fsm/cs_reg[2]/CK (DFFRQX4M)              0.00       0.00 r
  fsm/cs_reg[2]/Q (DFFRQX4M)               0.91       0.91 r
  fsm/U5/Y (NOR3X2M)                       0.31       1.21 f
  fsm/cs_reg[2]/D (DFFRQX4M)               0.00       1.21 f
  data arrival time                                   1.21

  clock CLK (rise edge)                    0.00       0.00
  clock network delay (ideal)              0.00       0.00
  clock uncertainty                        0.05       0.05
  fsm/cs_reg[2]/CK (DFFRQX4M)              0.00       0.05 r
  library hold time                       -0.04       0.01
  data required time                                  0.01
  -----------------------------------------------------------
  data required time                                  0.01
  data arrival time                                  -1.21
  -----------------------------------------------------------
  slack (MET)                                         1.20


  Startpoint: ser/serial_data_reg[7]
              (rising edge-triggered flip-flop clocked by CLK)
  Endpoint: ser/serial_data_reg[6]
            (rising edge-triggered flip-flop clocked by CLK)
  Path Group: CLK
  Path Type: min

  Des/Clust/Port     Wire Load Model       Library
  ------------------------------------------------
  UART_TX_TOP        tsmc13_wl30           scmetro_tsmc_cl013g_rvt_ss_1p08v_125c

  Point                                                   Incr       Path
  --------------------------------------------------------------------------
  clock CLK (rise edge)                                   0.00       0.00
  clock network delay (ideal)                             0.00       0.00
  ser/serial_data_reg[7]/CK (DFFRQX1M)                    0.00       0.00 r
  ser/serial_data_reg[7]/Q (DFFRQX1M)                     0.68       0.68 f
  ser/U18/Y (AO22X1M)                                     0.56       1.23 f
  ser/serial_data_reg[6]/D (DFFRQX1M)                     0.00       1.23 f
  data arrival time                                                  1.23

  clock CLK (rise edge)                                   0.00       0.00
  clock network delay (ideal)                             0.00       0.00
  clock uncertainty                                       0.05       0.05
  ser/serial_data_reg[6]/CK (DFFRQX1M)                    0.00       0.05 r
  library hold time                                      -0.04       0.01
  data required time                                                 0.01
  --------------------------------------------------------------------------
  data required time                                                 0.01
  data arrival time                                                 -1.23
  --------------------------------------------------------------------------
  slack (MET)                                                        1.22


  Startpoint: ser/serial_data_reg[6]
              (rising edge-triggered flip-flop clocked by CLK)
  Endpoint: ser/serial_data_reg[5]
            (rising edge-triggered flip-flop clocked by CLK)
  Path Group: CLK
  Path Type: min

  Des/Clust/Port     Wire Load Model       Library
  ------------------------------------------------
  UART_TX_TOP        tsmc13_wl30           scmetro_tsmc_cl013g_rvt_ss_1p08v_125c

  Point                                                   Incr       Path
  --------------------------------------------------------------------------
  clock CLK (rise edge)                                   0.00       0.00
  clock network delay (ideal)                             0.00       0.00
  ser/serial_data_reg[6]/CK (DFFRQX1M)                    0.00       0.00 r
  ser/serial_data_reg[6]/Q (DFFRQX1M)                     0.68       0.68 f
  ser/U17/Y (AO22X1M)                                     0.56       1.23 f
  ser/serial_data_reg[5]/D (DFFRQX1M)                     0.00       1.23 f
  data arrival time                                                  1.23

  clock CLK (rise edge)                                   0.00       0.00
  clock network delay (ideal)                             0.00       0.00
  clock uncertainty                                       0.05       0.05
  ser/serial_data_reg[5]/CK (DFFRQX1M)                    0.00       0.05 r
  library hold time                                      -0.04       0.01
  data required time                                                 0.01
  --------------------------------------------------------------------------
  data required time                                                 0.01
  data arrival time                                                 -1.23
  --------------------------------------------------------------------------
  slack (MET)                                                        1.22


  Startpoint: ser/serial_data_reg[2]
              (rising edge-triggered flip-flop clocked by CLK)
  Endpoint: ser/serial_data_reg[1]
            (rising edge-triggered flip-flop clocked by CLK)
  Path Group: CLK
  Path Type: min

  Des/Clust/Port     Wire Load Model       Library
  ------------------------------------------------
  UART_TX_TOP        tsmc13_wl30           scmetro_tsmc_cl013g_rvt_ss_1p08v_125c

  Point                                                   Incr       Path
  --------------------------------------------------------------------------
  clock CLK (rise edge)                                   0.00       0.00
  clock network delay (ideal)                             0.00       0.00
  ser/serial_data_reg[2]/CK (DFFRQX1M)                    0.00       0.00 r
  ser/serial_data_reg[2]/Q (DFFRQX1M)                     0.68       0.68 f
  ser/U13/Y (AO22X1M)                                     0.56       1.23 f
  ser/serial_data_reg[1]/D (DFFRQX1M)                     0.00       1.23 f
  data arrival time                                                  1.23

  clock CLK (rise edge)                                   0.00       0.00
  clock network delay (ideal)                             0.00       0.00
  clock uncertainty                                       0.05       0.05
  ser/serial_data_reg[1]/CK (DFFRQX1M)                    0.00       0.05 r
  library hold time                                      -0.04       0.01
  data required time                                                 0.01
  --------------------------------------------------------------------------
  data required time                                                 0.01
  data arrival time                                                 -1.23
  --------------------------------------------------------------------------
  slack (MET)                                                        1.22


  Startpoint: ser/serial_data_reg[5]
              (rising edge-triggered flip-flop clocked by CLK)
  Endpoint: ser/serial_data_reg[4]
            (rising edge-triggered flip-flop clocked by CLK)
  Path Group: CLK
  Path Type: min

  Des/Clust/Port     Wire Load Model       Library
  ------------------------------------------------
  UART_TX_TOP        tsmc13_wl30           scmetro_tsmc_cl013g_rvt_ss_1p08v_125c

  Point                                                   Incr       Path
  --------------------------------------------------------------------------
  clock CLK (rise edge)                                   0.00       0.00
  clock network delay (ideal)                             0.00       0.00
  ser/serial_data_reg[5]/CK (DFFRQX1M)                    0.00       0.00 r
  ser/serial_data_reg[5]/Q (DFFRQX1M)                     0.68       0.68 f
  ser/U16/Y (AO22X1M)                                     0.56       1.23 f
  ser/serial_data_reg[4]/D (DFFRQX1M)                     0.00       1.23 f
  data arrival time                                                  1.23

  clock CLK (rise edge)                                   0.00       0.00
  clock network delay (ideal)                             0.00       0.00
  clock uncertainty                                       0.05       0.05
  ser/serial_data_reg[4]/CK (DFFRQX1M)                    0.00       0.05 r
  library hold time                                      -0.04       0.01
  data required time                                                 0.01
  --------------------------------------------------------------------------
  data required time                                                 0.01
  data arrival time                                                 -1.23
  --------------------------------------------------------------------------
  slack (MET)                                                        1.22


  Startpoint: ser/serial_data_reg[4]
              (rising edge-triggered flip-flop clocked by CLK)
  Endpoint: ser/serial_data_reg[3]
            (rising edge-triggered flip-flop clocked by CLK)
  Path Group: CLK
  Path Type: min

  Des/Clust/Port     Wire Load Model       Library
  ------------------------------------------------
  UART_TX_TOP        tsmc13_wl30           scmetro_tsmc_cl013g_rvt_ss_1p08v_125c

  Point                                                   Incr       Path
  --------------------------------------------------------------------------
  clock CLK (rise edge)                                   0.00       0.00
  clock network delay (ideal)                             0.00       0.00
  ser/serial_data_reg[4]/CK (DFFRQX1M)                    0.00       0.00 r
  ser/serial_data_reg[4]/Q (DFFRQX1M)                     0.68       0.68 f
  ser/U15/Y (AO22X1M)                                     0.56       1.23 f
  ser/serial_data_reg[3]/D (DFFRQX1M)                     0.00       1.23 f
  data arrival time                                                  1.23

  clock CLK (rise edge)                                   0.00       0.00
  clock network delay (ideal)                             0.00       0.00
  clock uncertainty                                       0.05       0.05
  ser/serial_data_reg[3]/CK (DFFRQX1M)                    0.00       0.05 r
  library hold time                                      -0.04       0.01
  data required time                                                 0.01
  --------------------------------------------------------------------------
  data required time                                                 0.01
  data arrival time                                                 -1.23
  --------------------------------------------------------------------------
  slack (MET)                                                        1.22


  Startpoint: ser/serial_data_reg[3]
              (rising edge-triggered flip-flop clocked by CLK)
  Endpoint: ser/serial_data_reg[2]
            (rising edge-triggered flip-flop clocked by CLK)
  Path Group: CLK
  Path Type: min

  Des/Clust/Port     Wire Load Model       Library
  ------------------------------------------------
  UART_TX_TOP        tsmc13_wl30           scmetro_tsmc_cl013g_rvt_ss_1p08v_125c

  Point                                                   Incr       Path
  --------------------------------------------------------------------------
  clock CLK (rise edge)                                   0.00       0.00
  clock network delay (ideal)                             0.00       0.00
  ser/serial_data_reg[3]/CK (DFFRQX1M)                    0.00       0.00 r
  ser/serial_data_reg[3]/Q (DFFRQX1M)                     0.68       0.68 f
  ser/U14/Y (AO22X1M)                                     0.56       1.23 f
  ser/serial_data_reg[2]/D (DFFRQX1M)                     0.00       1.23 f
  data arrival time                                                  1.23

  clock CLK (rise edge)                                   0.00       0.00
  clock network delay (ideal)                             0.00       0.00
  clock uncertainty                                       0.05       0.05
  ser/serial_data_reg[2]/CK (DFFRQX1M)                    0.00       0.05 r
  library hold time                                      -0.04       0.01
  data required time                                                 0.01
  --------------------------------------------------------------------------
  data required time                                                 0.01
  data arrival time                                                 -1.23
  --------------------------------------------------------------------------
  slack (MET)                                                        1.22


  Startpoint: ser/serial_data_reg[1]
              (rising edge-triggered flip-flop clocked by CLK)
  Endpoint: ser/serial_data_reg[0]
            (rising edge-triggered flip-flop clocked by CLK)
  Path Group: CLK
  Path Type: min

  Des/Clust/Port     Wire Load Model       Library
  ------------------------------------------------
  UART_TX_TOP        tsmc13_wl30           scmetro_tsmc_cl013g_rvt_ss_1p08v_125c

  Point                                                   Incr       Path
  --------------------------------------------------------------------------
  clock CLK (rise edge)                                   0.00       0.00
  clock network delay (ideal)                             0.00       0.00
  ser/serial_data_reg[1]/CK (DFFRQX1M)                    0.00       0.00 r
  ser/serial_data_reg[1]/Q (DFFRQX1M)                     0.68       0.68 f
  ser/U12/Y (AO22X1M)                                     0.56       1.23 f
  ser/serial_data_reg[0]/D (DFFRQX1M)                     0.00       1.23 f
  data arrival time                                                  1.23

  clock CLK (rise edge)                                   0.00       0.00
  clock network delay (ideal)                             0.00       0.00
  clock uncertainty                                       0.05       0.05
  ser/serial_data_reg[0]/CK (DFFRQX1M)                    0.00       0.05 r
  library hold time                                      -0.04       0.01
  data required time                                                 0.01
  --------------------------------------------------------------------------
  data required time                                                 0.01
  data arrival time                                                 -1.23
  --------------------------------------------------------------------------
  slack (MET)                                                        1.22


  Startpoint: par/PAR_BIT_reg
              (rising edge-triggered flip-flop clocked by CLK)
  Endpoint: par/PAR_BIT_reg
            (rising edge-triggered flip-flop clocked by CLK)
  Path Group: CLK
  Path Type: min

  Des/Clust/Port     Wire Load Model       Library
  ------------------------------------------------
  UART_TX_TOP        tsmc13_wl30           scmetro_tsmc_cl013g_rvt_ss_1p08v_125c

  Point                                    Incr       Path
  -----------------------------------------------------------
  clock CLK (rise edge)                    0.00       0.00
  clock network delay (ideal)              0.00       0.00
  par/PAR_BIT_reg/CK (DFFRQX1M)            0.00       0.00 r
  par/PAR_BIT_reg/Q (DFFRQX1M)             0.84       0.84 f
  par/U6/Y (OAI2BB2X1M)                    0.56       1.40 f
  par/PAR_BIT_reg/D (DFFRQX1M)             0.00       1.40 f
  data arrival time                                   1.40

  clock CLK (rise edge)                    0.00       0.00
  clock network delay (ideal)              0.00       0.00
  clock uncertainty                        0.05       0.05
  par/PAR_BIT_reg/CK (DFFRQX1M)            0.00       0.05 r
  library hold time                       -0.05       0.00
  data required time                                  0.00
  -----------------------------------------------------------
  data required time                                  0.00
  data arrival time                                  -1.40
  -----------------------------------------------------------
  slack (MET)                                         1.41


  Startpoint: ser/counter_reg[0]
              (rising edge-triggered flip-flop clocked by CLK)
  Endpoint: ser/counter_reg[1]
            (rising edge-triggered flip-flop clocked by CLK)
  Path Group: CLK
  Path Type: min

  Des/Clust/Port     Wire Load Model       Library
  ------------------------------------------------
  UART_TX_TOP        tsmc13_wl30           scmetro_tsmc_cl013g_rvt_ss_1p08v_125c

  Point                                    Incr       Path
  -----------------------------------------------------------
  clock CLK (rise edge)                    0.00       0.00
  clock network delay (ideal)              0.00       0.00
  ser/counter_reg[0]/CK (DFFRX2M)          0.00       0.00 r
  ser/counter_reg[0]/Q (DFFRX2M)           0.93       0.93 f
  ser/U4/Y (XNOR2X2M)                      0.49       1.41 r
  ser/U25/Y (NOR2X2M)                      0.26       1.68 f
  ser/counter_reg[1]/D (DFFRX2M)           0.00       1.68 f
  data arrival time                                   1.68

  clock CLK (rise edge)                    0.00       0.00
  clock network delay (ideal)              0.00       0.00
  clock uncertainty                        0.05       0.05
  ser/counter_reg[1]/CK (DFFRX2M)          0.00       0.05 r
  library hold time                       -0.04       0.01
  data required time                                  0.01
  -----------------------------------------------------------
  data required time                                  0.01
  data arrival time                                  -1.68
  -----------------------------------------------------------
  slack (MET)                                         1.67


  Startpoint: fsm/cs_reg[1]
              (rising edge-triggered flip-flop clocked by CLK)
  Endpoint: fsm/cs_reg[1]
            (rising edge-triggered flip-flop clocked by CLK)
  Path Group: CLK
  Path Type: min

  Des/Clust/Port     Wire Load Model       Library
  ------------------------------------------------
  UART_TX_TOP        tsmc13_wl30           scmetro_tsmc_cl013g_rvt_ss_1p08v_125c

  Point                                    Incr       Path
  -----------------------------------------------------------
  clock CLK (rise edge)                    0.00       0.00
  clock network delay (ideal)              0.00       0.00
  fsm/cs_reg[1]/CK (DFFRX2M)               0.00       0.00 r
  fsm/cs_reg[1]/Q (DFFRX2M)                0.83       0.83 r
  fsm/U16/Y (AND2X2M)                      0.53       1.36 r
  fsm/U9/Y (AOI21X2M)                      0.33       1.69 f
  fsm/cs_reg[1]/D (DFFRX2M)                0.00       1.69 f
  data arrival time                                   1.69

  clock CLK (rise edge)                    0.00       0.00
  clock network delay (ideal)              0.00       0.00
  clock uncertainty                        0.05       0.05
  fsm/cs_reg[1]/CK (DFFRX2M)               0.00       0.05 r
  library hold time                       -0.05       0.00
  data required time                                  0.00
  -----------------------------------------------------------
  data required time                                  0.00
  data arrival time                                  -1.69
  -----------------------------------------------------------
  slack (MET)                                         1.70


  Startpoint: ser/counter_reg[0]
              (rising edge-triggered flip-flop clocked by CLK)
  Endpoint: ser/counter_reg[0]
            (rising edge-triggered flip-flop clocked by CLK)
  Path Group: CLK
  Path Type: min

  Des/Clust/Port     Wire Load Model       Library
  ------------------------------------------------
  UART_TX_TOP        tsmc13_wl30           scmetro_tsmc_cl013g_rvt_ss_1p08v_125c

  Point                                    Incr       Path
  -----------------------------------------------------------
  clock CLK (rise edge)                    0.00       0.00
  clock network delay (ideal)              0.00       0.00
  ser/counter_reg[0]/CK (DFFRX2M)          0.00       0.00 r
  ser/counter_reg[0]/Q (DFFRX2M)           1.21       1.21 r
  ser/U22/Y (NOR2X2M)                      0.50       1.72 f
  ser/counter_reg[0]/D (DFFRX2M)           0.00       1.72 f
  data arrival time                                   1.72

  clock CLK (rise edge)                    0.00       0.00
  clock network delay (ideal)              0.00       0.00
  clock uncertainty                        0.05       0.05
  ser/counter_reg[0]/CK (DFFRX2M)          0.00       0.05 r
  library hold time                       -0.08      -0.03
  data required time                                 -0.03
  -----------------------------------------------------------
  data required time                                 -0.03
  data arrival time                                  -1.72
  -----------------------------------------------------------
  slack (MET)                                         1.74


  Startpoint: fsm/cs_reg[1]
              (rising edge-triggered flip-flop clocked by CLK)
  Endpoint: ser/serial_data_reg[7]
            (rising edge-triggered flip-flop clocked by CLK)
  Path Group: CLK
  Path Type: min

  Des/Clust/Port     Wire Load Model       Library
  ------------------------------------------------
  UART_TX_TOP        tsmc13_wl30           scmetro_tsmc_cl013g_rvt_ss_1p08v_125c

  Point                                    Incr       Path
  -----------------------------------------------------------
  clock CLK (rise edge)                    0.00       0.00
  clock network delay (ideal)              0.00       0.00
  fsm/cs_reg[1]/CK (DFFRX2M)               0.00       0.00 r
  fsm/cs_reg[1]/QN (DFFRX2M)               0.77       0.77 f
  fsm/U6/Y (OAI211X2M)                     0.69       1.46 r
  fsm/U7/Y (BUFX10M)                       0.79       2.26 r
  fsm/BUSY (FSM)                           0.00       2.26 r
  ser/BUSY (SERIALIZER)                    0.00       2.26 r
  ser/U9/Y (NOR2BX1M)                      0.46       2.71 f
  ser/U8/Y (CLKBUFX6M)                     0.81       3.52 f
  ser/U19/Y (AND2X2M)                      0.52       4.04 f
  ser/serial_data_reg[7]/D (DFFRQX1M)      0.00       4.04 f
  data arrival time                                   4.04

  clock CLK (rise edge)                    0.00       0.00
  clock network delay (ideal)              0.00       0.00
  clock uncertainty                        0.05       0.05
  ser/serial_data_reg[7]/CK (DFFRQX1M)     0.00       0.05 r
  library hold time                       -0.01       0.04
  data required time                                  0.04
  -----------------------------------------------------------
  data required time                                  0.04
  data arrival time                                  -4.04
  -----------------------------------------------------------
  slack (MET)                                         4.00


  Startpoint: P_DATA[7] (input port clocked by CLK)
  Endpoint: ser/serial_data_reg[7]
            (rising edge-triggered flip-flop clocked by CLK)
  Path Group: INREG
  Path Type: min

  Des/Clust/Port     Wire Load Model       Library
  ------------------------------------------------
  UART_TX_TOP        tsmc13_wl30           scmetro_tsmc_cl013g_rvt_ss_1p08v_125c

  Point                                    Incr       Path
  -----------------------------------------------------------
  clock CLK (rise edge)                    0.00       0.00
  clock network delay (ideal)              0.00       0.00
  input external delay                  2604.17    2604.17 f
  P_DATA[7] (in)                           0.20    2604.36 f
  ser/P_DATA[7] (SERIALIZER)               0.00    2604.36 f
  ser/U19/Y (AND2X2M)                      0.31    2604.67 f
  ser/serial_data_reg[7]/D (DFFRQX1M)      0.00    2604.67 f
  data arrival time                                2604.67

  clock CLK (rise edge)                    0.00       0.00
  clock network delay (ideal)              0.00       0.00
  clock uncertainty                        0.05       0.05
  ser/serial_data_reg[7]/CK (DFFRQX1M)     0.00       0.05 r
  library hold time                       -0.01       0.04
  data required time                                  0.04
  -----------------------------------------------------------
  data required time                                  0.04
  data arrival time                               -2604.67
  -----------------------------------------------------------
  slack (MET)                                      2604.64


  Startpoint: P_DATA[6] (input port clocked by CLK)
  Endpoint: ser/serial_data_reg[6]
            (rising edge-triggered flip-flop clocked by CLK)
  Path Group: INREG
  Path Type: min

  Des/Clust/Port     Wire Load Model       Library
  ------------------------------------------------
  UART_TX_TOP        tsmc13_wl30           scmetro_tsmc_cl013g_rvt_ss_1p08v_125c

  Point                                    Incr       Path
  -----------------------------------------------------------
  clock CLK (rise edge)                    0.00       0.00
  clock network delay (ideal)              0.00       0.00
  input external delay                  2604.17    2604.17 f
  P_DATA[6] (in)                           0.19    2604.36 f
  ser/P_DATA[6] (SERIALIZER)               0.00    2604.36 f
  ser/U18/Y (AO22X1M)                      0.49    2604.85 f
  ser/serial_data_reg[6]/D (DFFRQX1M)      0.00    2604.85 f
  data arrival time                                2604.85

  clock CLK (rise edge)                    0.00       0.00
  clock network delay (ideal)              0.00       0.00
  clock uncertainty                        0.05       0.05
  ser/serial_data_reg[6]/CK (DFFRQX1M)     0.00       0.05 r
  library hold time                       -0.04       0.01
  data required time                                  0.01
  -----------------------------------------------------------
  data required time                                  0.01
  data arrival time                               -2604.85
  -----------------------------------------------------------
  slack (MET)                                      2604.84


  Startpoint: P_DATA[5] (input port clocked by CLK)
  Endpoint: ser/serial_data_reg[5]
            (rising edge-triggered flip-flop clocked by CLK)
  Path Group: INREG
  Path Type: min

  Des/Clust/Port     Wire Load Model       Library
  ------------------------------------------------
  UART_TX_TOP        tsmc13_wl30           scmetro_tsmc_cl013g_rvt_ss_1p08v_125c

  Point                                    Incr       Path
  -----------------------------------------------------------
  clock CLK (rise edge)                    0.00       0.00
  clock network delay (ideal)              0.00       0.00
  input external delay                  2604.17    2604.17 f
  P_DATA[5] (in)                           0.19    2604.36 f
  ser/P_DATA[5] (SERIALIZER)               0.00    2604.36 f
  ser/U17/Y (AO22X1M)                      0.49    2604.85 f
  ser/serial_data_reg[5]/D (DFFRQX1M)      0.00    2604.85 f
  data arrival time                                2604.85

  clock CLK (rise edge)                    0.00       0.00
  clock network delay (ideal)              0.00       0.00
  clock uncertainty                        0.05       0.05
  ser/serial_data_reg[5]/CK (DFFRQX1M)     0.00       0.05 r
  library hold time                       -0.04       0.01
  data required time                                  0.01
  -----------------------------------------------------------
  data required time                                  0.01
  data arrival time                               -2604.85
  -----------------------------------------------------------
  slack (MET)                                      2604.84


  Startpoint: P_DATA[1] (input port clocked by CLK)
  Endpoint: ser/serial_data_reg[1]
            (rising edge-triggered flip-flop clocked by CLK)
  Path Group: INREG
  Path Type: min

  Des/Clust/Port     Wire Load Model       Library
  ------------------------------------------------
  UART_TX_TOP        tsmc13_wl30           scmetro_tsmc_cl013g_rvt_ss_1p08v_125c

  Point                                    Incr       Path
  -----------------------------------------------------------
  clock CLK (rise edge)                    0.00       0.00
  clock network delay (ideal)              0.00       0.00
  input external delay                  2604.17    2604.17 f
  P_DATA[1] (in)                           0.19    2604.36 f
  ser/P_DATA[1] (SERIALIZER)               0.00    2604.36 f
  ser/U13/Y (AO22X1M)                      0.49    2604.85 f
  ser/serial_data_reg[1]/D (DFFRQX1M)      0.00    2604.85 f
  data arrival time                                2604.85

  clock CLK (rise edge)                    0.00       0.00
  clock network delay (ideal)              0.00       0.00
  clock uncertainty                        0.05       0.05
  ser/serial_data_reg[1]/CK (DFFRQX1M)     0.00       0.05 r
  library hold time                       -0.04       0.01
  data required time                                  0.01
  -----------------------------------------------------------
  data required time                                  0.01
  data arrival time                               -2604.85
  -----------------------------------------------------------
  slack (MET)                                      2604.84


  Startpoint: P_DATA[4] (input port clocked by CLK)
  Endpoint: ser/serial_data_reg[4]
            (rising edge-triggered flip-flop clocked by CLK)
  Path Group: INREG
  Path Type: min

  Des/Clust/Port     Wire Load Model       Library
  ------------------------------------------------
  UART_TX_TOP        tsmc13_wl30           scmetro_tsmc_cl013g_rvt_ss_1p08v_125c

  Point                                    Incr       Path
  -----------------------------------------------------------
  clock CLK (rise edge)                    0.00       0.00
  clock network delay (ideal)              0.00       0.00
  input external delay                  2604.17    2604.17 f
  P_DATA[4] (in)                           0.19    2604.36 f
  ser/P_DATA[4] (SERIALIZER)               0.00    2604.36 f
  ser/U16/Y (AO22X1M)                      0.50    2604.86 f
  ser/serial_data_reg[4]/D (DFFRQX1M)      0.00    2604.86 f
  data arrival time                                2604.86

  clock CLK (rise edge)                    0.00       0.00
  clock network delay (ideal)              0.00       0.00
  clock uncertainty                        0.05       0.05
  ser/serial_data_reg[4]/CK (DFFRQX1M)     0.00       0.05 r
  library hold time                       -0.04       0.01
  data required time                                  0.01
  -----------------------------------------------------------
  data required time                                  0.01
  data arrival time                               -2604.86
  -----------------------------------------------------------
  slack (MET)                                      2604.85


  Startpoint: P_DATA[0] (input port clocked by CLK)
  Endpoint: ser/serial_data_reg[0]
            (rising edge-triggered flip-flop clocked by CLK)
  Path Group: INREG
  Path Type: min

  Des/Clust/Port     Wire Load Model       Library
  ------------------------------------------------
  UART_TX_TOP        tsmc13_wl30           scmetro_tsmc_cl013g_rvt_ss_1p08v_125c

  Point                                    Incr       Path
  -----------------------------------------------------------
  clock CLK (rise edge)                    0.00       0.00
  clock network delay (ideal)              0.00       0.00
  input external delay                  2604.17    2604.17 f
  P_DATA[0] (in)                           0.19    2604.36 f
  ser/P_DATA[0] (SERIALIZER)               0.00    2604.36 f
  ser/U12/Y (AO22X1M)                      0.50    2604.86 f
  ser/serial_data_reg[0]/D (DFFRQX1M)      0.00    2604.86 f
  data arrival time                                2604.86

  clock CLK (rise edge)                    0.00       0.00
  clock network delay (ideal)              0.00       0.00
  clock uncertainty                        0.05       0.05
  ser/serial_data_reg[0]/CK (DFFRQX1M)     0.00       0.05 r
  library hold time                       -0.04       0.01
  data required time                                  0.01
  -----------------------------------------------------------
  data required time                                  0.01
  data arrival time                               -2604.86
  -----------------------------------------------------------
  slack (MET)                                      2604.85


  Startpoint: P_DATA[3] (input port clocked by CLK)
  Endpoint: ser/serial_data_reg[3]
            (rising edge-triggered flip-flop clocked by CLK)
  Path Group: INREG
  Path Type: min

  Des/Clust/Port     Wire Load Model       Library
  ------------------------------------------------
  UART_TX_TOP        tsmc13_wl30           scmetro_tsmc_cl013g_rvt_ss_1p08v_125c

  Point                                    Incr       Path
  -----------------------------------------------------------
  clock CLK (rise edge)                    0.00       0.00
  clock network delay (ideal)              0.00       0.00
  input external delay                  2604.17    2604.17 f
  P_DATA[3] (in)                           0.19    2604.36 f
  ser/P_DATA[3] (SERIALIZER)               0.00    2604.36 f
  ser/U15/Y (AO22X1M)                      0.50    2604.86 f
  ser/serial_data_reg[3]/D (DFFRQX1M)      0.00    2604.86 f
  data arrival time                                2604.86

  clock CLK (rise edge)                    0.00       0.00
  clock network delay (ideal)              0.00       0.00
  clock uncertainty                        0.05       0.05
  ser/serial_data_reg[3]/CK (DFFRQX1M)     0.00       0.05 r
  library hold time                       -0.04       0.01
  data required time                                  0.01
  -----------------------------------------------------------
  data required time                                  0.01
  data arrival time                               -2604.86
  -----------------------------------------------------------
  slack (MET)                                      2604.85


  Startpoint: P_DATA[2] (input port clocked by CLK)
  Endpoint: ser/serial_data_reg[2]
            (rising edge-triggered flip-flop clocked by CLK)
  Path Group: INREG
  Path Type: min

  Des/Clust/Port     Wire Load Model       Library
  ------------------------------------------------
  UART_TX_TOP        tsmc13_wl30           scmetro_tsmc_cl013g_rvt_ss_1p08v_125c

  Point                                    Incr       Path
  -----------------------------------------------------------
  clock CLK (rise edge)                    0.00       0.00
  clock network delay (ideal)              0.00       0.00
  input external delay                  2604.17    2604.17 f
  P_DATA[2] (in)                           0.20    2604.36 f
  ser/P_DATA[2] (SERIALIZER)               0.00    2604.36 f
  ser/U14/Y (AO22X1M)                      0.50    2604.86 f
  ser/serial_data_reg[2]/D (DFFRQX1M)      0.00    2604.86 f
  data arrival time                                2604.86

  clock CLK (rise edge)                    0.00       0.00
  clock network delay (ideal)              0.00       0.00
  clock uncertainty                        0.05       0.05
  ser/serial_data_reg[2]/CK (DFFRQX1M)     0.00       0.05 r
  library hold time                       -0.04       0.01
  data required time                                  0.01
  -----------------------------------------------------------
  data required time                                  0.01
  data arrival time                               -2604.86
  -----------------------------------------------------------
  slack (MET)                                      2604.85


  Startpoint: DATA_VALID (input port clocked by CLK)
  Endpoint: fsm/cs_reg[0]
            (rising edge-triggered flip-flop clocked by CLK)
  Path Group: INREG
  Path Type: min

  Des/Clust/Port     Wire Load Model       Library
  ------------------------------------------------
  UART_TX_TOP        tsmc13_wl30           scmetro_tsmc_cl013g_rvt_ss_1p08v_125c

  Point                                    Incr       Path
  -----------------------------------------------------------
  clock CLK (rise edge)                    0.00       0.00
  clock network delay (ideal)              0.00       0.00
  input external delay                  2604.17    2604.17 f
  DATA_VALID (in)                          0.28    2604.45 f
  fsm/DATA_VALID (FSM)                     0.00    2604.45 f
  fsm/U13/Y (INVX2M)                       0.33    2604.77 r
  fsm/U12/Y (OAI32X2M)                     0.23    2605.01 f
  fsm/cs_reg[0]/D (DFFRX2M)                0.00    2605.01 f
  data arrival time                                2605.01

  clock CLK (rise edge)                    0.00       0.00
  clock network delay (ideal)              0.00       0.00
  clock uncertainty                        0.05       0.05
  fsm/cs_reg[0]/CK (DFFRX2M)               0.00       0.05 r
  library hold time                       -0.03       0.02
  data required time                                  0.02
  -----------------------------------------------------------
  data required time                                  0.02
  data arrival time                               -2605.01
  -----------------------------------------------------------
  slack (MET)                                      2604.99


  Startpoint: PAR_EN (input port clocked by CLK)
  Endpoint: fsm/cs_reg[1]
            (rising edge-triggered flip-flop clocked by CLK)
  Path Group: INREG
  Path Type: min

  Des/Clust/Port     Wire Load Model       Library
  ------------------------------------------------
  UART_TX_TOP        tsmc13_wl30           scmetro_tsmc_cl013g_rvt_ss_1p08v_125c

  Point                                    Incr       Path
  -----------------------------------------------------------
  clock CLK (rise edge)                    0.00       0.00
  clock network delay (ideal)              0.00       0.00
  input external delay                  2604.17    2604.17 f
  PAR_EN (in)                              0.11    2604.28 f
  fsm/PAR_EN (FSM)                         0.00    2604.28 f
  fsm/U15/Y (INVX2M)                       0.41    2604.68 r
  fsm/U9/Y (AOI21X2M)                      0.31    2604.99 f
  fsm/cs_reg[1]/D (DFFRX2M)                0.00    2604.99 f
  data arrival time                                2604.99

  clock CLK (rise edge)                    0.00       0.00
  clock network delay (ideal)              0.00       0.00
  clock uncertainty                        0.05       0.05
  fsm/cs_reg[1]/CK (DFFRX2M)               0.00       0.05 r
  library hold time                       -0.05       0.00
  data required time                                  0.00
  -----------------------------------------------------------
  data required time                                  0.00
  data arrival time                               -2604.99
  -----------------------------------------------------------
  slack (MET)                                      2605.00


  Startpoint: PAR_EN (input port clocked by CLK)
  Endpoint: fsm/cs_reg[2]
            (rising edge-triggered flip-flop clocked by CLK)
  Path Group: INREG
  Path Type: min

  Des/Clust/Port     Wire Load Model       Library
  ------------------------------------------------
  UART_TX_TOP        tsmc13_wl30           scmetro_tsmc_cl013g_rvt_ss_1p08v_125c

  Point                                    Incr       Path
  -----------------------------------------------------------
  clock CLK (rise edge)                    0.00       0.00
  clock network delay (ideal)              0.00       0.00
  input external delay                  2604.17    2604.17 r
  PAR_EN (in)                              0.18    2604.34 r
  fsm/PAR_EN (FSM)                         0.00    2604.34 r
  fsm/U15/Y (INVX2M)                       0.29    2604.63 f
  fsm/U14/Y (AOI21X2M)                     0.53    2605.16 r
  fsm/U5/Y (NOR3X2M)                       0.24    2605.41 f
  fsm/cs_reg[2]/D (DFFRQX4M)               0.00    2605.41 f
  data arrival time                                2605.41

  clock CLK (rise edge)                    0.00       0.00
  clock network delay (ideal)              0.00       0.00
  clock uncertainty                        0.05       0.05
  fsm/cs_reg[2]/CK (DFFRQX4M)              0.00       0.05 r
  library hold time                       -0.04       0.01
  data required time                                  0.01
  -----------------------------------------------------------
  data required time                                  0.01
  data arrival time                               -2605.41
  -----------------------------------------------------------
  slack (MET)                                      2605.39


  Startpoint: PAR_TYP (input port clocked by CLK)
  Endpoint: par/PAR_BIT_reg
            (rising edge-triggered flip-flop clocked by CLK)
  Path Group: INREG
  Path Type: min

  Des/Clust/Port     Wire Load Model       Library
  ------------------------------------------------
  UART_TX_TOP        tsmc13_wl30           scmetro_tsmc_cl013g_rvt_ss_1p08v_125c

  Point                                    Incr       Path
  -----------------------------------------------------------
  clock CLK (rise edge)                    0.00       0.00
  clock network delay (ideal)              0.00       0.00
  input external delay                  2604.17    2604.17 r
  PAR_TYP (in)                             0.17    2604.34 r
  par/PAR_TYP (PARITY_CALC)                0.00    2604.34 r
  par/U8/Y (XOR3XLM)                       0.67    2605.01 r
  par/U6/Y (OAI2BB2X1M)                    0.47    2605.48 f
  par/PAR_BIT_reg/D (DFFRQX1M)             0.00    2605.48 f
  data arrival time                                2605.48

  clock CLK (rise edge)                    0.00       0.00
  clock network delay (ideal)              0.00       0.00
  clock uncertainty                        0.05       0.05
  par/PAR_BIT_reg/CK (DFFRQX1M)            0.00       0.05 r
  library hold time                       -0.05       0.00
  data required time                                  0.00
  -----------------------------------------------------------
  data required time                                  0.00
  data arrival time                               -2605.48
  -----------------------------------------------------------
  slack (MET)                                      2605.49


  Startpoint: DATA_VALID (input port clocked by CLK)
  Endpoint: ser/ser_data_reg
            (rising edge-triggered flip-flop clocked by CLK)
  Path Group: INREG
  Path Type: min

  Des/Clust/Port     Wire Load Model       Library
  ------------------------------------------------
  UART_TX_TOP        tsmc13_wl30           scmetro_tsmc_cl013g_rvt_ss_1p08v_125c

  Point                                    Incr       Path
  -----------------------------------------------------------
  clock CLK (rise edge)                    0.00       0.00
  clock network delay (ideal)              0.00       0.00
  input external delay                  2604.17    2604.17 f
  DATA_VALID (in)                          0.28    2604.45 f
  ser/DATA_VALID (SERIALIZER)              0.00    2604.45 f
  ser/U9/Y (NOR2BX1M)                      0.44    2604.89 f
  ser/U8/Y (CLKBUFX6M)                     0.81    2605.70 f
  ser/U11/Y (AO22X1M)                      0.76    2606.46 f
  ser/ser_data_reg/D (DFFRQX1M)            0.00    2606.46 f
  data arrival time                                2606.46

  clock CLK (rise edge)                    0.00       0.00
  clock network delay (ideal)              0.00       0.00
  clock uncertainty                        0.05       0.05
  ser/ser_data_reg/CK (DFFRQX1M)           0.00       0.05 r
  library hold time                       -0.04       0.01
  data required time                                  0.01
  -----------------------------------------------------------
  data required time                                  0.01
  data arrival time                               -2606.46
  -----------------------------------------------------------
  slack (MET)                                      2606.45


  Startpoint: fsm/cs_reg[2]
              (rising edge-triggered flip-flop clocked by CLK)
  Endpoint: busy (output port clocked by CLK)
  Path Group: REGOUT
  Path Type: min

  Des/Clust/Port     Wire Load Model       Library
  ------------------------------------------------
  UART_TX_TOP        tsmc13_wl30           scmetro_tsmc_cl013g_rvt_ss_1p08v_125c

  Point                                    Incr       Path
  -----------------------------------------------------------
  clock CLK (rise edge)                    0.00       0.00
  clock network delay (ideal)              0.00       0.00
  fsm/cs_reg[2]/CK (DFFRQX4M)              0.00       0.00 r
  fsm/cs_reg[2]/Q (DFFRQX4M)               0.91       0.91 r
  fsm/U6/Y (OAI211X2M)                     0.45       1.36 f
  fsm/U7/Y (BUFX10M)                       0.50       1.86 f
  fsm/BUSY (FSM)                           0.00       1.86 f
  busy (out)                               0.00       1.86 f
  data arrival time                                   1.86

  clock CLK (rise edge)                    0.00       0.00
  clock network delay (ideal)              0.00       0.00
  clock uncertainty                        0.05       0.05
  output external delay                -2604.17   -2604.12
  data required time                              -2604.12
  -----------------------------------------------------------
  data required time                              -2604.12
  data arrival time                                  -1.86
  -----------------------------------------------------------
  slack (MET)                                      2605.98


  Startpoint: ser/ser_data_reg
              (rising edge-triggered flip-flop clocked by CLK)
  Endpoint: TX_OUT (output port clocked by CLK)
  Path Group: REGOUT
  Path Type: min

  Des/Clust/Port     Wire Load Model       Library
  ------------------------------------------------
  UART_TX_TOP        tsmc13_wl30           scmetro_tsmc_cl013g_rvt_ss_1p08v_125c

  Point                                    Incr       Path
  -----------------------------------------------------------
  clock CLK (rise edge)                    0.00       0.00
  clock network delay (ideal)              0.00       0.00
  ser/ser_data_reg/CK (DFFRQX1M)           0.00       0.00 r
  ser/ser_data_reg/Q (DFFRQX1M)            0.84       0.84 f
  ser/ser_data (SERIALIZER)                0.00       0.84 f
  mux/ser_data (MUX)                       0.00       0.84 f
  mux/U4/Y (CLKNAND2X2M)                   0.41       1.25 r
  mux/U3/Y (NAND2X8M)                      0.71       1.96 f
  mux/TX_OUT (MUX)                         0.00       1.96 f
  TX_OUT (out)                             0.00       1.96 f
  data arrival time                                   1.96

  clock CLK (rise edge)                    0.00       0.00
  clock network delay (ideal)              0.00       0.00
  clock uncertainty                        0.05       0.05
  output external delay                -2604.17   -2604.12
  data required time                              -2604.12
  -----------------------------------------------------------
  data required time                              -2604.12
  data arrival time                                  -1.96
  -----------------------------------------------------------
  slack (MET)                                      2606.08


1
