/home/IC/SYSTEM/rtl/ALU.v
/home/IC/SYSTEM/rtl/BUSY_PULSE_GENERATOR.v
/home/IC/SYSTEM/rtl/CLK_GATE.v
/home/IC/SYSTEM/rtl/CLOCK_DIV.v
/home/IC/SYSTEM/rtl/DATA_SAMPLING.v
/home/IC/SYSTEM/rtl/DATA_SYNC.v
/home/IC/SYSTEM/rtl/DE_SERIALIZER.v
/home/IC/SYSTEM/rtl/D_SYNC_RD.v
/home/IC/SYSTEM/rtl/D_SYNC_WR.v
/home/IC/SYSTEM/rtl/EDGE_BIT_COUNTER.v
/home/IC/SYSTEM/rtl/enable_sync.v
/home/IC/SYSTEM/rtl/FIFO_MEM.v
/home/IC/SYSTEM/rtl/FIFO_RD.v
/home/IC/SYSTEM/rtl/FIFO_TOP.v
/home/IC/SYSTEM/rtl/FIFO_WR.v
/home/IC/SYSTEM/rtl/FSM.v
/home/IC/SYSTEM/rtl/FSM_TX.v
/home/IC/SYSTEM/rtl/input_division_rx_ratio.v
/home/IC/SYSTEM/rtl/MUX.v
/home/IC/SYSTEM/rtl/PARITY_CALC.v
/home/IC/SYSTEM/rtl/PARITY_CHECK.v
/home/IC/SYSTEM/rtl/pulse_generator.v
/home/IC/SYSTEM/rtl/Register_file.v
/home/IC/SYSTEM/rtl/RST_SYNC.v
/home/IC/SYSTEM/rtl/SERIALIZER.v
/home/IC/SYSTEM/rtl/STOP_CHECK.v
/home/IC/SYSTEM/rtl/STR_CHECK.v
/home/IC/SYSTEM/rtl/sync_bus.v
/home/IC/SYSTEM/rtl/SYS_CTRL.v
/home/IC/SYSTEM/rtl/UART_RX_TOP.v
/home/IC/SYSTEM/rtl/UART_SYS_TOP.v
/home/IC/SYSTEM/rtl/UART_TX_TOP.v
/home/IC/SYSTEM/rtl/SYS_TOP.v
