# generated on Mon Sep 22 14:46:54 2025
# Top Cell: ALU_TOP

------------------------------------------------------------
          timeDesign Summary                             
------------------------------------------------------------

+--------------------+---------+---------+---------+---------+---------+---------+
|     Setup mode     |   all   | reg2reg | in2reg  | reg2out | in2out  | clkgate |
+--------------------+---------+---------+---------+---------+---------+---------+
|           WNS (ns):|  0.000  |   N/A   |   N/A   |   N/A   |   N/A   |   N/A   |
|           TNS (ns):|  0.000  |   N/A   |   N/A   |   N/A   |   N/A   |   N/A   |
|    Violating Paths:|    0    |   N/A   |   N/A   |   N/A   |   N/A   |   N/A   |
|          All Paths:|    0    |   N/A   |   N/A   |   N/A   |   N/A   |   N/A   |
+--------------------+---------+---------+---------+---------+---------+---------+

+----------------+---------------------------+--------------+
|                |            Real           |     Total    |
|    DRVs        +--------------+------------+--------------|
|                |Nr nets(terms)| Worst Vio  |Nr nets(terms)|
+----------------+--------------+------------+--------------+
|   max_cap      |   40 (40)    |  -72.048   |   40 (40)    |
|   max_tran     |   40 (40)    |  -50.846   |   40 (40)    |
|   max_fanout   |    0 (0)     |     0      |    0 (0)     |
+----------------+--------------+------------+--------------+

Density: 75.007%
Routing Overflow: 0.00% H and 0.13% V
------------------------------------------------------------
